Archive member included to satisfy reference by file (symbol)

/home/luz211/fsl-community-bsp/build/tmp/sysroots/imx6qsabresd/usr/lib/arm-poky-linux-gnueabi/5.2.0/libgcc.a(_udivsi3.o)
                              arch/arm/cpu/armv7/built-in.o (__aeabi_uidiv)
/home/luz211/fsl-community-bsp/build/tmp/sysroots/imx6qsabresd/usr/lib/arm-poky-linux-gnueabi/5.2.0/libgcc.a(_divsi3.o)
                              common/built-in.o (__aeabi_idiv)
/home/luz211/fsl-community-bsp/build/tmp/sysroots/imx6qsabresd/usr/lib/arm-poky-linux-gnueabi/5.2.0/libgcc.a(_lshrdi3.o)
                              fs/built-in.o (__aeabi_llsr)
/home/luz211/fsl-community-bsp/build/tmp/sysroots/imx6qsabresd/usr/lib/arm-poky-linux-gnueabi/5.2.0/libgcc.a(_ashldi3.o)
                              drivers/mmc/built-in.o (__aeabi_llsl)
/home/luz211/fsl-community-bsp/build/tmp/sysroots/imx6qsabresd/usr/lib/arm-poky-linux-gnueabi/5.2.0/libgcc.a(_dvmd_lnx.o)
                              /home/luz211/fsl-community-bsp/build/tmp/sysroots/imx6qsabresd/usr/lib/arm-poky-linux-gnueabi/5.2.0/libgcc.a(_udivsi3.o) (__aeabi_idiv0)

Discarded input sections

 .data          0x0000000000000000        0x0 arch/arm/cpu/armv7/start.o
 .bss           0x0000000000000000        0x0 arch/arm/cpu/armv7/start.o
 .text.v7_outer_cache_enable
                0x0000000000000000        0x4 arch/arm/cpu/armv7/built-in.o
 .text.v7_outer_cache_disable
                0x0000000000000000        0x4 arch/arm/cpu/armv7/built-in.o
 .text.v7_outer_cache_flush_all
                0x0000000000000000        0x4 arch/arm/cpu/armv7/built-in.o
 .text.v7_outer_cache_inval_all
                0x0000000000000000        0x4 arch/arm/cpu/armv7/built-in.o
 .text.v7_outer_cache_flush_range
                0x0000000000000000        0x4 arch/arm/cpu/armv7/built-in.o
 .text.v7_outer_cache_inval_range
                0x0000000000000000        0x4 arch/arm/cpu/armv7/built-in.o
 .text.v7_arch_cp15_set_l2aux_ctrl
                0x0000000000000000        0x8 arch/arm/cpu/armv7/built-in.o
 .text.v7_arch_cp15_set_acr
                0x0000000000000000        0x8 arch/arm/cpu/armv7/built-in.o
 .text.sdelay   0x0000000000000000        0xc arch/arm/cpu/armv7/built-in.o
 .text.wait_on_value
                0x0000000000000000       0x34 arch/arm/cpu/armv7/built-in.o
 .text.enable_enet_clk
                0x0000000000000000       0x48 arch/arm/cpu/armv7/built-in.o
 .text.enable_uart_clk
                0x0000000000000000       0x4c arch/arm/cpu/armv7/built-in.o
 .text.enable_usdhc_clk
                0x0000000000000000       0x4c arch/arm/cpu/armv7/built-in.o
 .text.enable_spi_clk
                0x0000000000000000       0x44 arch/arm/cpu/armv7/built-in.o
 .text.enable_fec_anatop_clock
                0x0000000000000000       0xe4 arch/arm/cpu/armv7/built-in.o
 .data          0x0000000000000000        0x0 arch/arm/cpu/armv7/built-in.o
 .bss           0x0000000000000000        0x0 arch/arm/cpu/armv7/built-in.o
 .text          0x0000000000000000        0x0 arch/arm/imx-common/built-in.o
 .text.get_imx_reset_cause
                0x0000000000000000       0x10 arch/arm/imx-common/built-in.o
 .text.set_chipselect_size
                0x0000000000000000       0x84 arch/arm/imx-common/built-in.o
 .text.mxs_wait_mask_set
                0x0000000000000000       0x3c arch/arm/imx-common/built-in.o
 .text.mxs_wait_mask_clr
                0x0000000000000000       0x3c arch/arm/imx-common/built-in.o
 .text.mxs_reset_block
                0x0000000000000000       0x90 arch/arm/imx-common/built-in.o
 .data          0x0000000000000000        0x0 arch/arm/imx-common/built-in.o
 .bss           0x0000000000000000        0x0 arch/arm/imx-common/built-in.o
 .text.enable_caches
                0x0000000000000000        0xc arch/arm/lib/built-in.o
 .text.invalidate_dcache_range
                0x0000000000000000        0x4 arch/arm/lib/built-in.o
 .text.flush_dcache_range
                0x0000000000000000        0x4 arch/arm/lib/built-in.o
 .text.flush_dcache_all
                0x0000000000000000        0xc arch/arm/lib/built-in.o
 .text.arm_init_before_mmu
                0x0000000000000000        0x4 arch/arm/lib/built-in.o
 .text.mmu_page_table_flush
                0x0000000000000000        0x4 arch/arm/lib/built-in.o
 .rodata.pl310  0x0000000000000000        0x4 arch/arm/lib/built-in.o
 .data          0x0000000000000000        0x0 arch/arm/lib/built-in.o
 .__secure_start
                0x0000000000000000        0x0 arch/arm/lib/built-in.o
 .__secure_end  0x0000000000000000        0x0 arch/arm/lib/built-in.o
 .bss           0x0000000000000000        0x0 arch/arm/lib/built-in.o
 .text          0x0000000000000000        0x0 board/freescale/common/built-in.o
 .data          0x0000000000000000        0x0 board/freescale/common/built-in.o
 .bss           0x0000000000000000        0x0 board/freescale/common/built-in.o
 .text          0x0000000000000000        0x0 board/freescale/mx6sabresd/built-in.o
[...]
Memory Configuration

Name             Origin             Length             Attributes
*default*        0x0000000000000000 0xffffffffffffffff

Linker script and memory map

Address of section .text set to 0x17800000
                0x0000000000000000                . = 0x0
                0x0000000000000000                . = ALIGN (0x4)

.text           0x0000000017800000    0x499bc
 *(.__image_copy_start)
 .__image_copy_start
                0x0000000017800000        0x0 arch/arm/lib/built-in.o
                0x0000000017800000                __image_copy_start
 *(.vectors)
 .vectors       0x0000000017800000      0x300 arch/arm/lib/built-in.o
                0x0000000017800000                _start
                0x0000000017800020                _undefined_instruction
                0x0000000017800024                _software_interrupt
                0x0000000017800028                _prefetch_abort
                0x000000001780002c                _data_abort
                0x0000000017800030                _not_used
                0x0000000017800034                _irq
                0x0000000017800038                _fiq
                0x0000000017800040                IRQ_STACK_START_IN
 arch/arm/cpu/armv7/start.o(.text*)
 .text          0x0000000017800300       0xe0 arch/arm/cpu/armv7/start.o
                0x0000000017800300                reset
                0x0000000017800304                save_boot_params_ret
                0x0000000017800340                c_runtime_cpu_setup
                0x0000000017800350                save_boot_params
                0x0000000017800354                cpu_init_cp15
                0x00000000178003d8                cpu_init_crit
 *(.text*)
 .text          0x00000000178003e0       0x24 arch/arm/cpu/armv7/built-in.o
                0x00000000178003e0                lowlevel_init
 .text.v7_maint_dcache_all
                0x0000000017800404       0xd0 arch/arm/cpu/armv7/built-in.o
 .text.invalidate_icache_all
                0x00000000178004d4       0x18 arch/arm/cpu/armv7/built-in.o
                0x00000000178004d4                invalidate_icache_all
 .text.flush_dcache_all
                0x00000000178004ec       0x14 arch/arm/cpu/armv7/built-in.o
                0x00000000178004ec                flush_dcache_all
 .text.invalidate_dcache_all
                0x0000000017800500       0x14 arch/arm/cpu/armv7/built-in.o
                0x0000000017800500                invalidate_dcache_all
 .text.arm_init_before_mmu
                0x0000000017800514       0x28 arch/arm/cpu/armv7/built-in.o
                0x0000000017800514                arm_init_before_mmu
 .text.flush_dcache_range
                0x000000001780053c       0x38 arch/arm/cpu/armv7/built-in.o
                0x000000001780053c                flush_dcache_range
 .text.mmu_page_table_flush
                0x0000000017800574       0x24 arch/arm/cpu/armv7/built-in.o
                0x0000000017800574                mmu_page_table_flush
 .text.invalidate_dcache_range
                0x0000000017800598       0xa8 arch/arm/cpu/armv7/built-in.o
                0x0000000017800598                invalidate_dcache_range
 .text.cpu_cache_initialization
                0x0000000017800640        0x4 arch/arm/cpu/armv7/built-in.o
                0x0000000017800640                cpu_cache_initialization
 .text.cleanup_before_linux_select
                0x0000000017800644       0x4c arch/arm/cpu/armv7/built-in.o
                0x0000000017800644                cleanup_before_linux_select
 .text.cleanup_before_linux
                0x0000000017800690        0x8 arch/arm/cpu/armv7/built-in.o
                0x0000000017800690                cleanup_before_linux
 .text.get_nr_cpus
                0x0000000017800698       0x10 arch/arm/cpu/armv7/built-in.o
                0x0000000017800698                get_nr_cpus
 .text.get_cpu_rev
                0x00000000178006a8       0x90 arch/arm/cpu/armv7/built-in.o
                0x00000000178006a8                get_cpu_rev
 .text.get_cpu_speed_grade_hz
                0x0000000017800738       0xa0 arch/arm/cpu/armv7/built-in.o
                0x0000000017800738                get_cpu_speed_grade_hz
 .text.get_cpu_temp_grade
                0x00000000178007d8       0x68 arch/arm/cpu/armv7/built-in.o
                0x00000000178007d8                get_cpu_temp_grade
 .text.get_board_rev
                0x0000000017800840       0x30 arch/arm/cpu/armv7/built-in.o
                0x0000000017800840                get_board_rev
 .text.arch_cpu_init
                0x0000000017800870       0x94 arch/arm/cpu/armv7/built-in.o
                0x0000000017800870                arch_cpu_init
 .text.board_postclk_init
                0x0000000017800904       0x58 arch/arm/cpu/armv7/built-in.o
                0x0000000017800904                board_postclk_init
 .text.imx_get_mac_from_fuse
                0x000000001780095c       0x3c arch/arm/cpu/armv7/built-in.o
                0x000000001780095c                imx_get_mac_from_fuse
 .text.s_init   0x0000000017800998       0x88 arch/arm/cpu/armv7/built-in.o
                0x0000000017800998                s_init
 .text.imx_enable_hdmi_phy
                0x0000000017800a20       0x4c arch/arm/cpu/armv7/built-in.o
                0x0000000017800a20                imx_enable_hdmi_phy
 .text.imx_setup_hdmi
                0x0000000017800a6c       0x38 arch/arm/cpu/armv7/built-in.o
                0x0000000017800a6c                imx_setup_hdmi
 .text.get_ipg_clk
                0x0000000017800aa4       0x28 arch/arm/cpu/armv7/built-in.o
 .text.get_uart_clk
                0x0000000017800acc       0xb8 arch/arm/cpu/armv7/built-in.o
 .text.mxc_get_pll_pfd
                0x0000000017800b84       0xbc arch/arm/cpu/armv7/built-in.o
 .text.get_usdhc_clk
                0x0000000017800c40       0x8c arch/arm/cpu/armv7/built-in.o
 .text.enable_ocotp_clk
                0x0000000017800ccc       0x24 arch/arm/cpu/armv7/built-in.o
                0x0000000017800ccc                enable_ocotp_clk
 .text.enable_usboh3_clk
                0x0000000017800cf0       0x24 arch/arm/cpu/armv7/built-in.o
                0x0000000017800cf0                enable_usboh3_clk
 .text.enable_i2c_clk
                0x0000000017800d14       0xa8 arch/arm/cpu/armv7/built-in.o
                0x0000000017800d14                enable_i2c_clk
 .text.get_periph_clk
                0x0000000017800dbc       0xdc arch/arm/cpu/armv7/built-in.o
                0x0000000017800dbc                get_periph_clk
 .text.get_axi_clk
                0x0000000017800e98       0x4c arch/arm/cpu/armv7/built-in.o
 .text.imx_get_uartclk
                0x0000000017800ee4        0x4 arch/arm/cpu/armv7/built-in.o
                0x0000000017800ee4                imx_get_uartclk
 .text.enable_pcie_clock
                0x0000000017800ee8       0xb8 arch/arm/cpu/armv7/built-in.o
                0x0000000017800ee8                enable_pcie_clock
 .text.enable_thermal_clk
                0x0000000017800fa0       0x48 arch/arm/cpu/armv7/built-in.o
                0x0000000017800fa0                enable_thermal_clk
 .text.mxc_get_clock
                0x0000000017800fe8      0x3b8 arch/arm/cpu/armv7/built-in.o
                0x0000000017800fe8                mxc_get_clock
 .text.imx_get_fecclk
                0x00000000178013a0        0x8 arch/arm/cpu/armv7/built-in.o
                0x00000000178013a0                imx_get_fecclk
 .text.do_mx6_showclocks
                0x00000000178013a8      0x24c arch/arm/cpu/armv7/built-in.o
                0x00000000178013a8                do_mx6_showclocks
 .text.enable_ipu_clock
                0x00000000178015f4       0x58 arch/arm/cpu/armv7/built-in.o
                0x00000000178015f4                enable_ipu_clock
 .text.cpu_reset
                0x000000001780164c       0x28 arch/arm/cpu/armv7/built-in.o
                0x000000001780164c                cpu_reset
 .text.cpu_status
                0x0000000017801674       0x40 arch/arm/cpu/armv7/built-in.o
                0x0000000017801674                cpu_status
 .text.cpu_release
                0x00000000178016b4       0x84 arch/arm/cpu/armv7/built-in.o
                0x00000000178016b4                cpu_release
 .text.is_core_valid
                0x0000000017801738       0x1c arch/arm/cpu/armv7/built-in.o
                0x0000000017801738                is_core_valid
 .text.cpu_disable
                0x0000000017801754       0x28 arch/arm/cpu/armv7/built-in.o
                0x0000000017801754                cpu_disable
 .text.imx_iomux_v3_setup_pad
                0x000000001780177c       0xd0 arch/arm/imx-common/built-in.o
                0x000000001780177c                imx_iomux_v3_setup_pad
 .text.imx_iomux_v3_setup_multiple_pads
                0x000000001780184c       0x2c arch/arm/imx-common/built-in.o
                0x000000001780184c                imx_iomux_v3_setup_multiple_pads
 .text.imx_iomux_set_gpr_register
                0x0000000017801878       0x3c arch/arm/imx-common/built-in.o
                0x0000000017801878                imx_iomux_set_gpr_register
 .text.timer_init
                0x00000000178018b4      0x128 arch/arm/imx-common/built-in.o
                0x00000000178018b4                timer_init
 .text.timer_read_counter
                0x00000000178019dc       0x10 arch/arm/imx-common/built-in.o
                0x00000000178019dc                timer_read_counter
 .text.get_tbclk
                0x00000000178019ec       0x90 arch/arm/imx-common/built-in.o
                0x00000000178019ec                get_tbclk
 .text.imx_ddr_size
                0x0000000017801a7c       0x64 arch/arm/imx-common/built-in.o
                0x0000000017801a7c                imx_ddr_size
 .text.get_imx_type
                0x0000000017801ae0       0x20 arch/arm/imx-common/built-in.o
                0x0000000017801ae0                get_imx_type
 .text.print_cpuinfo
                0x0000000017801b00      0x228 arch/arm/imx-common/built-in.o
                0x0000000017801b00                print_cpuinfo
 .text.cpu_eth_init
                0x0000000017801d28        0x4 arch/arm/imx-common/built-in.o
                0x0000000017801d28                cpu_eth_init
 .text.cpu_mmc_init
                0x0000000017801d2c        0x4 arch/arm/imx-common/built-in.o
                0x0000000017801d2c                cpu_mmc_init
 .text.get_ahb_clk
                0x0000000017801d30       0x24 arch/arm/imx-common/built-in.o
                0x0000000017801d30                get_ahb_clk
 .text.arch_preboot_os
                0x0000000017801d54        0x4 arch/arm/imx-common/built-in.o
                0x0000000017801d54                arch_preboot_os
 .text.get_clocks
                0x0000000017801d58       0x1c arch/arm/imx-common/built-in.o
                0x0000000017801d58                get_clocks
 .text.force_idle_bus
                0x0000000017801d74      0x124 arch/arm/imx-common/built-in.o
                0x0000000017801d74                force_idle_bus
 .text.setup_i2c
                0x0000000017801e98       0xdc arch/arm/imx-common/built-in.o
                0x0000000017801e98                setup_i2c
 .text.enable_caches
                0x0000000017801f74       0x34 arch/arm/imx-common/built-in.o
                0x0000000017801f74                enable_caches
 .text.v7_outer_cache_enable
                0x0000000017801fa8       0x54 arch/arm/imx-common/built-in.o
                0x0000000017801fa8                v7_outer_cache_enable
 .text.v7_outer_cache_disable
                0x0000000017801ffc       0x18 arch/arm/imx-common/built-in.o
                0x0000000017801ffc                v7_outer_cache_disable
 .text.init_aips
                0x0000000017802014       0xb0 arch/arm/imx-common/built-in.o
                0x0000000017802014                init_aips
 .text.imx_set_wdog_powerdown
                0x00000000178020c4       0x80 arch/arm/imx-common/built-in.o
                0x00000000178020c4                imx_set_wdog_powerdown
 .text.init_src
                0x0000000017802144       0x18 arch/arm/imx-common/built-in.o
                0x0000000017802144                init_src
 .text.boot_mode_apply
                0x000000001780215c       0x24 arch/arm/imx-common/built-in.o
                0x000000001780215c                boot_mode_apply
 .text.board_video_skip
                0x0000000017802180      0x16c arch/arm/imx-common/built-in.o
                0x0000000017802180                board_video_skip
 .text.detect_hdmi
                0x00000000178022ec       0x18 arch/arm/imx-common/built-in.o
                0x00000000178022ec                detect_hdmi
 .text.create_usage
                0x0000000017802304       0xac arch/arm/imx-common/built-in.o
 .text.do_boot_mode
                0x00000000178023b0       0xd4 arch/arm/imx-common/built-in.o
 .text.add_board_boot_modes
                0x0000000017802484       0x60 arch/arm/imx-common/built-in.o
                0x0000000017802484                add_board_boot_modes
 .text          0x00000000178024e4       0xa8 arch/arm/lib/built-in.o
                0x00000000178024e4                _main
 .text.relocate_vectors
                0x000000001780258c       0x70 arch/arm/lib/built-in.o
                0x000000001780258c                relocate_vectors
                0x0000000017802598                relocate_code
 .text.arch_fixup_fdt
                0x00000000178025fc       0x38 arch/arm/lib/built-in.o
                0x00000000178025fc                arch_fixup_fdt
 .text.boot_jump_linux
                0x0000000017802634       0xb8 arch/arm/lib/built-in.o
 .text.arch_lmb_reserve
                0x00000000178026ec       0x24 arch/arm/lib/built-in.o
                0x00000000178026ec                arch_lmb_reserve
 .text.setup_board_tags
                0x0000000017802710        0x4 arch/arm/lib/built-in.o
                0x0000000017802710                setup_board_tags
 .text.boot_prep_linux
                0x0000000017802714      0x190 arch/arm/lib/built-in.o
 .text.do_bootm_linux
                0x00000000178028a4       0x64 arch/arm/lib/built-in.o
                0x00000000178028a4                do_bootm_linux
 .text.bootz_setup
                0x0000000017802908       0x58 arch/arm/lib/built-in.o
                0x0000000017802908                bootz_setup
 .text.boot_prep_vxworks
                0x0000000017802960       0x50 arch/arm/lib/built-in.o
                0x0000000017802960                boot_prep_vxworks
 .text.boot_jump_vxworks
                0x00000000178029b0        0xc arch/arm/lib/built-in.o
                0x00000000178029b0                boot_jump_vxworks
 .text.pl310_background_op_all_ways
                0x00000000178029bc       0x38 arch/arm/lib/built-in.o
 .text.v7_outer_cache_inval_all
                0x00000000178029f4        0xc arch/arm/lib/built-in.o
                0x00000000178029f4                v7_outer_cache_inval_all
 .text.v7_outer_cache_flush_all
                0x0000000017802a00        0xc arch/arm/lib/built-in.o
                0x0000000017802a00                v7_outer_cache_flush_all
 .text.v7_outer_cache_flush_range
                0x0000000017802a0c       0x30 arch/arm/lib/built-in.o
                0x0000000017802a0c                v7_outer_cache_flush_range
 .text.v7_outer_cache_inval_range
                0x0000000017802a3c       0x80 arch/arm/lib/built-in.o
                0x0000000017802a3c                v7_outer_cache_inval_range
 .text.arch_reserve_stacks
                0x0000000017802abc       0x1c arch/arm/lib/built-in.o
                0x0000000017802abc                arch_reserve_stacks
 .text.interrupt_init
                0x0000000017802ad8       0x1c arch/arm/lib/built-in.o
                0x0000000017802ad8                interrupt_init
 .text.enable_interrupts
                0x0000000017802af4        0x4 arch/arm/lib/built-in.o
                0x0000000017802af4                enable_interrupts
 .text.disable_interrupts
                0x0000000017802af8        0x8 arch/arm/lib/built-in.o
                0x0000000017802af8                disable_interrupts
 .text.bad_mode
                0x0000000017802b00       0x10 arch/arm/lib/built-in.o
                0x0000000017802b00                bad_mode
 .text.show_regs
                0x0000000017802b10      0x174 arch/arm/lib/built-in.o
                0x0000000017802b10                show_regs
 .text.do_undefined_instruction
                0x0000000017802c84       0x20 arch/arm/lib/built-in.o
                0x0000000017802c84                do_undefined_instruction
 .text.do_software_interrupt
                0x0000000017802ca4       0x20 arch/arm/lib/built-in.o
                0x0000000017802ca4                do_software_interrupt
 .text.do_prefetch_abort
                0x0000000017802cc4       0x20 arch/arm/lib/built-in.o
                0x0000000017802cc4                do_prefetch_abort
 .text.do_data_abort
                0x0000000017802ce4       0x20 arch/arm/lib/built-in.o
                0x0000000017802ce4                do_data_abort
 .text.do_not_used
                0x0000000017802d04       0x20 arch/arm/lib/built-in.o
                0x0000000017802d04                do_not_used
 .text.do_fiq   0x0000000017802d24       0x20 arch/arm/lib/built-in.o
                0x0000000017802d24                do_fiq
 .text.do_irq   0x0000000017802d44       0x20 arch/arm/lib/built-in.o
                0x0000000017802d44                do_irq
 .text.reset_misc
                0x0000000017802d64        0x4 arch/arm/lib/built-in.o
                0x0000000017802d64                reset_misc
 .text.do_reset
                0x0000000017802d68       0x30 arch/arm/lib/built-in.o
                0x0000000017802d68                do_reset
 .text.flush_cache
                0x0000000017802d98        0x8 arch/arm/lib/built-in.o
                0x0000000017802d98                flush_cache
 .text.cp_delay
                0x0000000017802da0       0x30 arch/arm/lib/built-in.o
 .text.arm_init_domains
                0x0000000017802dd0        0x4 arch/arm/lib/built-in.o
                0x0000000017802dd0                arm_init_domains
 .text.set_section_dcache
                0x0000000017802dd4       0x14 arch/arm/lib/built-in.o
                0x0000000017802dd4                set_section_dcache
 .text.mmu_set_region_dcache_behaviour
                0x0000000017802de8       0x4c arch/arm/lib/built-in.o
                0x0000000017802de8                mmu_set_region_dcache_behaviour
 .text.dram_bank_mmu_setup
                0x0000000017802e34       0x44 arch/arm/lib/built-in.o
                0x0000000017802e34                dram_bank_mmu_setup
 .text.icache_enable
                0x0000000017802e78       0x18 arch/arm/lib/built-in.o
                0x0000000017802e78                icache_enable
 .text.icache_disable
                0x0000000017802e90       0x20 arch/arm/lib/built-in.o
                0x0000000017802e90                icache_disable
 .text.icache_status
                0x0000000017802eb0        0xc arch/arm/lib/built-in.o
                0x0000000017802eb0                icache_status
 .text.dcache_enable
                0x0000000017802ebc       0x70 arch/arm/lib/built-in.o
                0x0000000017802ebc                dcache_enable
 .text.dcache_disable
                0x0000000017802f2c       0x2c arch/arm/lib/built-in.o
                0x0000000017802f2c                dcache_disable
 .text.dcache_status
                0x0000000017802f58        0xc arch/arm/lib/built-in.o
                0x0000000017802f58                dcache_status
 .text.pfuze_mode_init
                0x0000000017802f64       0xa0 board/freescale/common/built-in.o
                0x0000000017802f64                pfuze_mode_init
 .text.pfuze_common_init
                0x0000000017803004      0x10c board/freescale/common/built-in.o
                0x0000000017803004                pfuze_common_init
 .text.enable_lvds
                0x0000000017803110       0x14 board/freescale/mx6sabresd/built-in.o
 .text.enable_rgb
                0x0000000017803124       0x24 board/freescale/mx6sabresd/built-in.o
 .text.do_enable_hdmi
                0x0000000017803148       0x18 board/freescale/mx6sabresd/built-in.o
 .text.dram_init
                0x0000000017803160       0x18 board/freescale/mx6sabresd/built-in.o
                0x0000000017803160                dram_init
 .text.board_mmc_getcd
                0x0000000017803178       0x60 board/freescale/mx6sabresd/built-in.o
                0x0000000017803178                board_mmc_getcd
 .text.board_mmc_init
                0x00000000178031d8       0xb8 board/freescale/mx6sabresd/built-in.o
                0x00000000178031d8                board_mmc_init
 .text.mx6_rgmii_rework
                0x0000000017803290      0x110 board/freescale/mx6sabresd/built-in.o
                0x0000000017803290                mx6_rgmii_rework
 .text.board_phy_config
                0x00000000178033a0       0x2c board/freescale/mx6sabresd/built-in.o
                0x00000000178033a0                board_phy_config
 .text.overwrite_console
                0x00000000178033cc        0x8 board/freescale/mx6sabresd/built-in.o
                0x00000000178033cc                overwrite_console
 .text.board_eth_init
                0x00000000178033d4       0x54 board/freescale/mx6sabresd/built-in.o
                0x00000000178033d4                board_eth_init
 .text.board_ehci_hcd_init
                0x0000000017803428       0x28 board/freescale/mx6sabresd/built-in.o
                0x0000000017803428                board_ehci_hcd_init
 .text.board_ehci_power
                0x0000000017803450       0x48 board/freescale/mx6sabresd/built-in.o
                0x0000000017803450                board_ehci_power
 .text.board_early_init_f
                0x0000000017803498       0x8c board/freescale/mx6sabresd/built-in.o
                0x0000000017803498                board_early_init_f
 .text.board_init
                0x0000000017803524       0x7c board/freescale/mx6sabresd/built-in.o
                0x0000000017803524                board_init
 .text.power_init_board
                0x00000000178035a0       0x8c board/freescale/mx6sabresd/built-in.o
                0x00000000178035a0                power_init_board
 .text.board_spi_cs_gpio
                0x000000001780362c       0x10 board/freescale/mx6sabresd/built-in.o
                0x000000001780362c                board_spi_cs_gpio
 .text.board_late_init
                0x000000001780363c       0xbc board/freescale/mx6sabresd/built-in.o
                0x000000001780363c                board_late_init
 .text.checkboard
                0x00000000178036f8       0x18 board/freescale/mx6sabresd/built-in.o
                0x00000000178036f8                checkboard
 .text.show_boot_progress
                0x0000000017803710        0x4 common/built-in.o
                0x0000000017803710                show_boot_progress
 .text.main_loop
                0x0000000017803714       0x20 common/built-in.o
                0x0000000017803714                main_loop
 .text.dummy    0x0000000017803734        0x4 common/built-in.o
 .text.get_version
                0x0000000017803738        0x8 common/built-in.o
                0x0000000017803738                get_version
 .text.jumptable_init
                0x0000000017803740      0x1e0 common/built-in.o
                0x0000000017803740                jumptable_init
 .text.hash_finish_crc32
                0x0000000017803920       0x30 common/built-in.o
 .text.hash_update_crc32
                0x0000000017803950       0x24 common/built-in.o
 .text.hash_init_crc32
                0x0000000017803974       0x24 common/built-in.o
 .text.hash_lookup_algo
                0x0000000017803998       0x28 common/built-in.o
                0x0000000017803998                hash_lookup_algo
 .text.hash_command
                0x00000000178039c0       0xb4 common/built-in.o
                0x00000000178039c0                hash_command
 .text.b_reset  0x0000000017803a74       0x1c common/built-in.o
 .text.static_get
                0x0000000017803a90       0x1c common/built-in.o
 .text.file_peek
                0x0000000017803aac        0xc common/built-in.o
 .text.mapset   0x0000000017803ab8       0x20 common/built-in.o
 .text.syntax_err
                0x0000000017803ad8        0xc common/built-in.o
 .text.free_pipe_list
                0x0000000017803ae4       0xf4 common/built-in.o
 .text.xmalloc  0x0000000017803bd8       0x20 common/built-in.o
 .text.new_pipe
                0x0000000017803bf8       0x28 common/built-in.o
 .text.xrealloc
                0x0000000017803c20       0x20 common/built-in.o
 .text.done_command
                0x0000000017803c40       0x88 common/built-in.o
 .text.done_pipe
                0x0000000017803cc8       0x48 common/built-in.o
 .text.done_word
                0x0000000017803d10      0x2d8 common/built-in.o
 .text.do_showvar
                0x0000000017803fe8       0xf4 common/built-in.o
 .text.is_assignment
                0x00000000178040dc       0x5c common/built-in.o
 .text.file_get
                0x0000000017804138      0x1ec common/built-in.o
 .text.b_addchr
                0x0000000017804324       0x80 common/built-in.o
 .text.b_addqchr
                0x00000000178043a4       0x50 common/built-in.o
 .text.static_peek
                0x00000000178043f4        0xc common/built-in.o
 .text.get_local_var
                0x0000000017804400       0xa0 common/built-in.o
                0x0000000017804400                get_local_var
 .text.set_local_var
                0x00000000178044a0      0x1ac common/built-in.o
                0x00000000178044a0                set_local_var
 .text.insert_var_value_sub
                0x000000001780464c      0x2c0 common/built-in.o
 .text.parse_string_outer
                0x000000001780490c       0xe4 common/built-in.o
                0x000000001780490c                parse_string_outer
 .text.run_list_real
                0x00000000178049f0      0x7b8 common/built-in.o
 .text.parse_stream_outer
                0x00000000178051a8      0x6d0 common/built-in.o
 .text.parse_file_outer
                0x0000000017805878       0x44 common/built-in.o
                0x0000000017805878                parse_file_outer
 .text.u_boot_hush_start
                0x00000000178058bc       0x54 common/built-in.o
                0x00000000178058bc                u_boot_hush_start
 .text.bootdelay_process
                0x0000000017805910       0x50 common/built-in.o
                0x0000000017805910                bootdelay_process
 .text.autoboot_command
                0x0000000017805960       0xd0 common/built-in.o
                0x0000000017805960                autoboot_command
 .text.setup_mon_len
                0x0000000017805a30       0x20 common/built-in.o
 .text.reserve_round_4k
                0x0000000017805a50       0x18 common/built-in.o
 .text.reserve_mmu
                0x0000000017805a68       0x38 common/built-in.o
 .text.reserve_uboot
                0x0000000017805aa0       0x30 common/built-in.o
 .text.reserve_malloc
                0x0000000017805ad0       0x18 common/built-in.o
 .text.setup_machine
                0x0000000017805ae8       0x14 common/built-in.o
 .text.reserve_global_data
                0x0000000017805afc       0x1c common/built-in.o
 .text.reserve_fdt
                0x0000000017805b18       0x4c common/built-in.o
 .text.display_new_sp
                0x0000000017805b64        0x8 common/built-in.o
 .text.arch_cpu_init_dm
                0x0000000017805b6c        0x8 common/built-in.o
                0x0000000017805b6c                arch_cpu_init_dm
 .text.announce_dram_init
                0x0000000017805b74       0x18 common/built-in.o
 .text.init_func_i2c
                0x0000000017805b8c       0x28 common/built-in.o
 .text.init_baud_rate
                0x0000000017805bb4       0x2c common/built-in.o
 .text.initf_dm
                0x0000000017805be0        0x8 common/built-in.o
 .text.mark_bootstage
                0x0000000017805be8       0x14 common/built-in.o
 .text.setup_reloc
                0x0000000017805bfc       0x3c common/built-in.o
 .text.reloc_fdt
                0x0000000017805c38       0x44 common/built-in.o
 .text.reserve_board
                0x0000000017805c7c       0x40 common/built-in.o
 .text.reserve_arch
                0x0000000017805cbc        0x8 common/built-in.o
                0x0000000017805cbc                reserve_arch
 .text.display_text_info
                0x0000000017805cc4        0x8 common/built-in.o
 .text.reserve_trace
                0x0000000017805ccc        0x8 common/built-in.o
 .text.coloured_LED_init
                0x0000000017805cd4        0x4 common/built-in.o
                0x0000000017805cd4                coloured_LED_init
 .text.red_led_on
                0x0000000017805cd8        0x4 common/built-in.o
                0x0000000017805cd8                red_led_on
 .text.board_add_ram_info
                0x0000000017805cdc        0x4 common/built-in.o
                0x0000000017805cdc                board_add_ram_info
 .text.show_dram_config
                0x0000000017805ce0       0x38 common/built-in.o
 .text.dram_init_banksize
                0x0000000017805d18       0x20 common/built-in.o
                0x0000000017805d18                dram_init_banksize
 .text.setup_dram_config
                0x0000000017805d38       0x10 common/built-in.o
 .text.board_get_usable_ram_top
                0x0000000017805d48       0x14 common/built-in.o
                0x0000000017805d48                board_get_usable_ram_top
 .text.setup_dest_addr
                0x0000000017805d5c       0x3c common/built-in.o
 .text.reserve_stacks
                0x0000000017805d98       0x1c common/built-in.o
 .text.board_init_f
                0x0000000017805db4       0x28 common/built-in.o
                0x0000000017805db4                board_init_f
 .text.bootstage_relocate
                0x0000000017805ddc        0x8 common/built-in.o
 .text.initr_reloc_global_data
                0x0000000017805de4       0x28 common/built-in.o
 .text.initr_announce
                0x0000000017805e0c        0x8 common/built-in.o
 .text.run_main_loop
                0x0000000017805e14        0xc common/built-in.o
 .text.initr_net
                0x0000000017805e20       0x1c common/built-in.o
 .text.initr_ethaddr
                0x0000000017805e3c       0x20 common/built-in.o
 .text.initr_enable_interrupts
                0x0000000017805e5c       0x10 common/built-in.o
 .text.initr_jumptable
                0x0000000017805e6c       0x10 common/built-in.o
 .text.initr_pci
                0x0000000017805e7c       0x10 common/built-in.o
 .text.initr_env
                0x0000000017805e8c       0x30 common/built-in.o
 .text.initr_mmc
                0x0000000017805ebc       0x20 common/built-in.o
 .text.initr_serial
                0x0000000017805edc       0x10 common/built-in.o
 .text.initr_dm
                0x0000000017805eec       0x14 common/built-in.o
 .text.initr_malloc
                0x0000000017805f00       0x24 common/built-in.o
 .text.initr_caches
                0x0000000017805f24       0x10 common/built-in.o
 .text.initr_reloc
                0x0000000017805f34       0x24 common/built-in.o
 .text.initr_barrier
                0x0000000017805f58        0x8 common/built-in.o
 .text.initr_trace
                0x0000000017805f60        0x8 common/built-in.o
 .text.cpu_secondary_init_r
                0x0000000017805f68        0x4 common/built-in.o
                0x0000000017805f68                cpu_secondary_init_r
 .text.initr_secondary_cpu
                0x0000000017805f6c       0x10 common/built-in.o
 .text.board_init_r
                0x0000000017805f7c       0x14 common/built-in.o
                0x0000000017805f7c                board_init_r
 .text.show_board_info
                0x0000000017805f90        0x4 common/built-in.o
                0x0000000017805f90                show_board_info
 .text.do_go_exec
                0x0000000017805f94       0x10 common/built-in.o
                0x0000000017805f94                do_go_exec
 .text.do_go    0x0000000017805fa4       0x6c common/built-in.o
 .text.do_bootm
                0x0000000017806010      0x10c common/built-in.o
                0x0000000017806010                do_bootm
 .text.do_bootd
                0x000000001780611c       0x20 common/built-in.o
                0x000000001780611c                do_bootd
 .text.image_info
                0x000000001780613c       0xcc common/built-in.o
 .text.do_iminfo
                0x0000000017806208       0x5c common/built-in.o
 .text.bootm_maybe_autostart
                0x0000000017806264       0x78 common/built-in.o
                0x0000000017806264                bootm_maybe_autostart
 .text.do_bootz
                0x00000000178062dc       0xf8 common/built-in.o
                0x00000000178062dc                do_bootz
 .text.bootm_find_images
                0x00000000178063d4       0xa8 common/built-in.o
                0x00000000178063d4                bootm_find_images
 .text.bootm_decomp_image
                0x000000001780647c      0x14c common/built-in.o
                0x000000001780647c                bootm_decomp_image
 .text.bootm_disable_interrupts
                0x00000000178065c8       0x18 common/built-in.o
                0x00000000178065c8                bootm_disable_interrupts
 .text.do_bootm_states
                0x00000000178065e0      0x7e4 common/built-in.o
                0x00000000178065e0                do_bootm_states
 .text.copy_args
                0x0000000017806dc4       0x50 common/built-in.o
 .text.do_bootm_rtems
                0x0000000017806e14       0x40 common/built-in.o
 .text.do_bootm_plan9
                0x0000000017806e54       0xa4 common/built-in.o
 .text.do_bootm_standalone
                0x0000000017806ef8       0x64 common/built-in.o
 .text.do_bootm_netbsd
                0x0000000017806f5c       0xf8 common/built-in.o
 .text.do_bootvx_fdt
                0x0000000017807054      0x10c common/built-in.o
                0x0000000017807054                do_bootvx_fdt
 .text.do_bootm_vxworks
                0x0000000017807160       0x24 common/built-in.o
 .text.boot_selected_os
                0x0000000017807184       0x58 common/built-in.o
                0x0000000017807184                boot_selected_os
 .text.bootm_os_get_boot_func
                0x00000000178071dc       0x10 common/built-in.o
                0x00000000178071dc                bootm_os_get_boot_func
 .text.do_help  0x00000000178071ec       0x44 common/built-in.o
 .text.do_version
                0x0000000017807230       0x38 common/built-in.o
 .text.regex_callback
                0x0000000017807268      0x134 common/built-in.o
 .text.env_attr_walk
                0x000000001780739c      0x128 common/built-in.o
                0x000000001780739c                env_attr_walk
 .text.env_attr_lookup
                0x00000000178074c4       0x84 common/built-in.o
                0x00000000178074c4                env_attr_lookup
 .text.clear_callback
                0x0000000017807548       0x10 common/built-in.o
 .text.find_env_callback
                0x0000000017807558       0x64 common/built-in.o
 .text.on_callbacks
                0x00000000178075bc       0x50 common/built-in.o
 .text.set_callback
                0x000000001780760c       0x94 common/built-in.o
 .text.env_callback_init
                0x00000000178076a0       0xc4 common/built-in.o
                0x00000000178076a0                env_callback_init
 .text.skip_num
                0x0000000017807764       0x78 common/built-in.o
 .text.clear_flags
                0x00000000178077dc       0x10 common/built-in.o
 .text.on_flags
                0x00000000178077ec       0x50 common/built-in.o
 .text.env_flags_parse_vartype
                0x000000001780783c       0x50 common/built-in.o
                0x000000001780783c                env_flags_parse_vartype
 .text.env_flags_parse_varaccess
                0x000000001780788c       0x58 common/built-in.o
                0x000000001780788c                env_flags_parse_varaccess
 .text.set_flags
                0x00000000178078e4       0xac common/built-in.o
 .text.eth_validate_ethaddr_str
                0x0000000017807990       0x94 common/built-in.o
                0x0000000017807990                eth_validate_ethaddr_str
 .text.env_flags_init
                0x0000000017807a24       0xd8 common/built-in.o
                0x0000000017807a24                env_flags_init
 .text.env_flags_validate
                0x0000000017807afc      0x2b8 common/built-in.o
                0x0000000017807afc                env_flags_validate
 .text.mmc_get_env_addr
                0x0000000017807db4       0x10 common/built-in.o
                0x0000000017807db4                mmc_get_env_addr
 .text.env_init
                0x0000000017807dc4       0x1c common/built-in.o
                0x0000000017807dc4                env_init
 .text.saveenv  0x0000000017807de0      0x118 common/built-in.o
                0x0000000017807de0                saveenv
 .text.env_relocate_spec
                0x0000000017807ef8       0xe0 common/built-in.o
                0x0000000017807ef8                env_relocate_spec
 .text.source   0x0000000017807fd8       0xd8 common/built-in.o
                0x0000000017807fd8                source
 .text.do_source
                0x00000000178080b0       0x44 common/built-in.o
 .text.print_num
                0x00000000178080f4       0x14 common/built-in.o
 .text.do_bdinfo
                0x0000000017808108      0x190 common/built-in.o
 .text.parse_argv
                0x0000000017808298       0x64 common/built-in.o
 .text.do_icache
                0x00000000178082fc       0x88 common/built-in.o
 .text.do_dcache
                0x0000000017808384       0x88 common/built-in.o
 .text.do_coninfo
                0x000000001780840c       0xc0 common/built-in.o
 .text.do_echo  0x00000000178084cc       0xb0 common/built-in.o
 .text.do_exit  0x000000001780857c       0x3c common/built-in.o
 .text.do_ext4_size
                0x00000000178085b8       0x18 common/built-in.o
                0x00000000178085b8                do_ext4_size
 .text.do_ext4_load
                0x00000000178085d0       0x18 common/built-in.o
                0x00000000178085d0                do_ext4_load
 .text.do_ext4_ls
                0x00000000178085e8       0x18 common/built-in.o
                0x00000000178085e8                do_ext4_ls
 .text.do_ext4_write
                0x0000000017808600       0x18 common/built-in.o
                0x0000000017808600                do_ext4_write
 .text.do_ext2load
                0x0000000017808618       0x18 common/built-in.o
                0x0000000017808618                do_ext2load
 .text.do_ext2ls
                0x0000000017808630       0x18 common/built-in.o
 .text.do_fat_size
                0x0000000017808648       0x18 common/built-in.o
                0x0000000017808648                do_fat_size
 .text.do_fat_fsload
                0x0000000017808660       0x18 common/built-in.o
                0x0000000017808660                do_fat_fsload
 .text.do_fat_ls
                0x0000000017808678       0x18 common/built-in.o
 .text.do_fat_fsinfo
                0x0000000017808690       0x90 common/built-in.o
 .text.fdt_valid
                0x0000000017808720       0xbc common/built-in.o
 .text.is_printable_string
                0x00000000178087dc       0x9c common/built-in.o
 .text.print_data
                0x0000000017808878      0x174 common/built-in.o
 .text.set_working_fdt_addr
                0x00000000178089ec       0x1c common/built-in.o
                0x00000000178089ec                set_working_fdt_addr
 .text.do_fdt   0x0000000017808a08      0xe48 common/built-in.o
 .text.fdt_find_and_setprop
                0x0000000017809850       0x70 common/built-in.o
                0x0000000017809850                fdt_find_and_setprop
 .text.fdt_find_or_add_subnode
                0x00000000178098c0       0x60 common/built-in.o
                0x00000000178098c0                fdt_find_or_add_subnode
 .text.fdt_root
                0x0000000017809920       0x90 common/built-in.o
                0x0000000017809920                fdt_root
 .text.fdt_initrd
                0x00000000178099b0      0x1cc common/built-in.o
                0x00000000178099b0                fdt_initrd
 .text.fdt_chosen
                0x0000000017809b7c       0xa8 common/built-in.o
                0x0000000017809b7c                fdt_chosen
 .text.do_fixup_by_path
                0x0000000017809c24       0x54 common/built-in.o
                0x0000000017809c24                do_fixup_by_path
 .text.fdt_fixup_memory_banks
                0x0000000017809c78      0x1b0 common/built-in.o
                0x0000000017809c78                fdt_fixup_memory_banks
 .text.fdt_fixup_memory
                0x0000000017809e28       0x20 common/built-in.o
                0x0000000017809e28                fdt_fixup_memory
 .text.fdt_fixup_ethernet
                0x0000000017809e48      0x15c common/built-in.o
                0x0000000017809e48                fdt_fixup_ethernet
 .text.fdt_shrink_to_minimum
                0x0000000017809fa4       0xcc common/built-in.o
                0x0000000017809fa4                fdt_shrink_to_minimum
 .text.do_size_wrapper
                0x000000001780a070       0x18 common/built-in.o
 .text.do_load_wrapper
                0x000000001780a088       0x18 common/built-in.o
 .text.do_save_wrapper
                0x000000001780a0a0       0x18 common/built-in.o
 .text.do_ls_wrapper
                0x000000001780a0b8       0x18 common/built-in.o
 .text.do_fstype_wrapper
                0x000000001780a0d0        0x4 common/built-in.o
 .text.strtou32
                0x000000001780a0d4       0x44 common/built-in.o
 .text.do_fuse  0x000000001780a118      0x360 common/built-in.o
 .text.name_to_gpio
                0x000000001780a478        0xc common/built-in.o
                0x000000001780a478                name_to_gpio
 .text.do_gpio  0x000000001780a484      0x150 common/built-in.o
 .text.do_i2c   0x000000001780a5d4       0x68 common/built-in.o
 .text.do_i2c_reset
                0x000000001780a63c       0x2c common/built-in.o
 .text.do_i2c_probe
                0x000000001780a668       0x9c common/built-in.o
 .text.do_i2c_bus_speed
                0x000000001780a704       0x74 common/built-in.o
 .text.do_i2c_show_bus
                0x000000001780a778       0xd0 common/built-in.o
 .text.do_i2c_bus_num
                0x000000001780a848       0xb4 common/built-in.o
 .text.get_alen.constprop.7
                0x000000001780a8fc       0x3c common/built-in.o
 .text.do_i2c_crc
                0x000000001780a938      0x120 common/built-in.o
 .text.mod_i2c_mem.isra.4
                0x000000001780aa58      0x1f0 common/built-in.o
 .text.do_i2c_nm
                0x000000001780ac48        0x8 common/built-in.o
 .text.do_i2c_mm
                0x000000001780ac50        0x8 common/built-in.o
 .text.do_i2c_md
                0x000000001780ac58      0x1e4 common/built-in.o
 .text.do_i2c_read
                0x000000001780ae3c       0xbc common/built-in.o
 .text.do_i2c_mw
                0x000000001780aef8       0xfc common/built-in.o
 .text.do_i2c_write
                0x000000001780aff4      0x14c common/built-in.o
 .text.do_i2c_loop
                0x000000001780b140       0xe4 common/built-in.o
 .text.i2c_init_board
                0x000000001780b224        0x4 common/built-in.o
                0x000000001780b224                i2c_init_board
 .text.evalexp  0x000000001780b228       0x74 common/built-in.o
 .text.evalstr  0x000000001780b29c       0x6c common/built-in.o
 .text.binary_test
                0x000000001780b308      0x1c0 common/built-in.o
 .text.do_itest
                0x000000001780b4c8       0x88 common/built-in.o
 .text.bin_data_init
                0x000000001780b550       0x2c common/built-in.o
 .text.k_data_save
                0x000000001780b57c       0x4c common/built-in.o
 .text.k_data_restore
                0x000000001780b5c8       0x4c common/built-in.o
 .text.getcxmodem
                0x000000001780b614       0x20 common/built-in.o
 .text.load_serial_ymodem
                0x000000001780b634       0xcc common/built-in.o
 .text.bin_data_char
                0x000000001780b700       0x2c common/built-in.o
 .text.chk1.constprop.1
                0x000000001780b72c       0x2c common/built-in.o
 .text.s1_sendpacket.constprop.2
                0x000000001780b758       0x50 common/built-in.o
 .text.load_serial
                0x000000001780b7a8      0x1f0 common/built-in.o
 .text.do_load_serial
                0x000000001780b998       0xdc common/built-in.o
 .text.do_load_serial_bin
                0x000000001780ba74      0x7a4 common/built-in.o
 .text.do_mem_mw
                0x000000001780c218       0xc0 common/built-in.o
 .text.do_mem_loop
                0x000000001780c2d8       0xec common/built-in.o
 .text.do_mem_md
                0x000000001780c3c4       0xe4 common/built-in.o
 .text.do_mem_cmp
                0x000000001780c4a8      0x168 common/built-in.o
 .text.do_mem_base
                0x000000001780c610       0x40 common/built-in.o
 .text.do_mem_cp
                0x000000001780c650       0xd8 common/built-in.o
 .text.do_mem_crc
                0x000000001780c728       0x48 common/built-in.o
 .text.mod_mem.isra.0
                0x000000001780c770      0x16c common/built-in.o
 .text.do_mem_mm
                0x000000001780c8dc        0x8 common/built-in.o
 .text.do_mem_nm
                0x000000001780c8e4        0x8 common/built-in.o
 .text.miiphy_get_dev_by_name
                0x000000001780c8ec       0x60 common/built-in.o
                0x000000001780c8ec                miiphy_get_dev_by_name
 .text.miiphy_init
                0x000000001780c94c       0x24 common/built-in.o
                0x000000001780c94c                miiphy_init
 .text.mdio_alloc
                0x000000001780c970       0x30 common/built-in.o
                0x000000001780c970                mdio_alloc
 .text.mdio_register
                0x000000001780c9a0       0x98 common/built-in.o
                0x000000001780c9a0                mdio_register
 .text.mdio_list_devices
                0x000000001780ca38       0x98 common/built-in.o
                0x000000001780ca38                mdio_list_devices
 .text.miiphy_set_current_dev
                0x000000001780cad0       0x40 common/built-in.o
                0x000000001780cad0                miiphy_set_current_dev
 .text.miiphy_get_active_dev
                0x000000001780cb10       0x54 common/built-in.o
 .text.mdio_get_current_dev
                0x000000001780cb64       0x10 common/built-in.o
                0x000000001780cb64                mdio_get_current_dev
 .text.mdio_phydev_for_ethname
                0x000000001780cb74       0x88 common/built-in.o
                0x000000001780cb74                mdio_phydev_for_ethname
 .text.miiphy_get_current_dev
                0x000000001780cbfc       0x18 common/built-in.o
                0x000000001780cbfc                miiphy_get_current_dev
 .text.miiphy_read
                0x000000001780cc14       0x4c common/built-in.o
                0x000000001780cc14                miiphy_read
 .text.miiphy_write
                0x000000001780cc60       0x40 common/built-in.o
                0x000000001780cc60                miiphy_write
 .text.miiphy_listdev
                0x000000001780cca0       0x74 common/built-in.o
                0x000000001780cca0                miiphy_listdev
 .text.miiphy_info
                0x000000001780cd14       0x88 common/built-in.o
                0x000000001780cd14                miiphy_info
 .text.miiphy_speed
                0x000000001780cd9c       0x94 common/built-in.o
                0x000000001780cd9c                miiphy_speed
 .text.miiphy_duplex
                0x000000001780ce30       0x94 common/built-in.o
                0x000000001780ce30                miiphy_duplex
 .text.miiphy_is_1000base_x
                0x000000001780cec4        0x8 common/built-in.o
                0x000000001780cec4                miiphy_is_1000base_x
 .text.extract_range
                0x000000001780cecc       0xe4 common/built-in.o
 .text.do_mii   0x000000001780cfb0      0x8d4 common/built-in.o
 .text.do_mdio  0x000000001780d884      0x4ec common/built-in.o
 .text.do_sleep
                0x000000001780dd70       0x70 common/built-in.o
 .text.do_mmcops
                0x000000001780dde0       0xb8 common/built-in.o
 .text.init_mmc_device
                0x000000001780de98       0x54 common/built-in.o
 .text.do_mmc_rescan
                0x000000001780deec       0x24 common/built-in.o
 .text.do_mmc_rst_func
                0x000000001780df10       0xa0 common/built-in.o
 .text.do_mmc_partconf
                0x000000001780dfb0       0xb4 common/built-in.o
 .text.do_mmc_boot_resize
                0x000000001780e064       0xcc common/built-in.o
 .text.do_mmc_bootbus
                0x000000001780e130       0xb4 common/built-in.o
 .text.do_mmc_hwpartition
                0x000000001780e1e4      0x510 common/built-in.o
 .text.do_mmc_list
                0x000000001780e6f4       0x14 common/built-in.o
 .text.do_mmc_dev
                0x000000001780e708      0x134 common/built-in.o
 .text.do_mmc_part
                0x000000001780e83c       0x5c common/built-in.o
 .text.do_mmc_erase
                0x000000001780e898       0xe8 common/built-in.o
 .text.do_mmc_write
                0x000000001780e980      0x100 common/built-in.o
 .text.do_mmc_read
                0x000000001780ea80       0xec common/built-in.o
 .text.do_mmcinfo
                0x000000001780eb6c      0x370 common/built-in.o
 .text.do_mmc_setdsr
                0x000000001780eedc       0xb0 common/built-in.o
 .text.cpu_cmd  0x000000001780ef8c      0x160 common/built-in.o
 .text.netboot_common
                0x000000001780f0ec      0x294 common/built-in.o
 .text.do_bootp
                0x000000001780f380        0xc common/built-in.o
 .text.do_dhcp  0x000000001780f38c        0xc common/built-in.o
 .text.do_nfs   0x000000001780f398        0xc common/built-in.o
 .text.do_tftpb
                0x000000001780f3a4       0x40 common/built-in.o
                0x000000001780f3a4                do_tftpb
 .text.do_ping  0x000000001780f3e4       0x78 common/built-in.o
 .text.pci_cfg_write
                0x000000001780f45c       0x3c common/built-in.o
 .text.pci_cfg_modify.isra.0
                0x000000001780f498      0x138 common/built-in.o
 .text.pci_header_show_brief
                0x000000001780f5d0       0x80 common/built-in.o
                0x000000001780f5d0                pci_header_show_brief
 .text.pci_header_show
                0x000000001780f650      0x8f0 common/built-in.o
                0x000000001780f650                pci_header_show
 .text.pciinfo  0x000000001780ff40      0x150 common/built-in.o
                0x000000001780ff40                pciinfo
 .text.do_pci   0x0000000017810090      0x3bc common/built-in.o
 .text.bytes_per_second
                0x000000001781044c       0x50 common/built-in.o
 .text.do_spi_flash
                0x000000001781049c      0x85c common/built-in.o
 .text.substitute
                0x0000000017810cf8       0xf0 common/built-in.o
 .text.get_arg  0x0000000017810de8       0x58 common/built-in.o
 .text.regex_sub
                0x0000000017810e40      0x450 common/built-in.o
 .text.do_setexpr
                0x0000000017811290      0x1a0 common/built-in.o
 .text.do_false
                0x0000000017811430        0x8 common/built-in.o
 .text.do_true  0x0000000017811438        0x8 common/built-in.o
 .text.do_test  0x0000000017811440      0x338 common/built-in.o
 .text.usb_get_class_desc
                0x0000000017811778       0xbc common/built-in.o
 .text.usb_display_class_sub
                0x0000000017811834      0x170 common/built-in.o
 .text.usb_find_device
                0x00000000178119a4       0x3c common/built-in.o
 .text.usb_show_tree_graph
                0x00000000178119e0      0x228 common/built-in.o
 .text.usb_display_string
                0x0000000017811c08       0x44 common/built-in.o
 .text.usb_display_config
                0x0000000017811c4c      0x20c common/built-in.o
 .text.do_usbboot
                0x0000000017811e58        0xc common/built-in.o
 .text.do_usb_start
                0x0000000017811e64       0x38 common/built-in.o
 .text.usb_display_desc.part.2
                0x0000000017811e9c      0x12c common/built-in.o
 .text.do_usb   0x0000000017811fc8      0x78c common/built-in.o
 .text.usb_set_maxpacket_ep
                0x0000000017812754       0x70 common/built-in.o
 .text.usb_stop
                0x00000000178127c4       0x64 common/built-in.o
                0x00000000178127c4                usb_stop
 .text.usb_disable_asynch
                0x0000000017812828       0x20 common/built-in.o
                0x0000000017812828                usb_disable_asynch
 .text.usb_control_msg
                0x0000000017812848       0xc0 common/built-in.o
                0x0000000017812848                usb_control_msg
 .text.usb_get_descriptor
                0x0000000017812908       0x58 common/built-in.o
 .text.get_descriptor_len
                0x0000000017812960       0x90 common/built-in.o
 .text.usb_get_string
                0x00000000178129f0       0x70 common/built-in.o
 .text.usb_string_sub
                0x0000000017812a60      0x108 common/built-in.o
 .text.usb_bulk_msg
                0x0000000017812b68       0x70 common/built-in.o
                0x0000000017812b68                usb_bulk_msg
 .text.usb_maxpacket
                0x0000000017812bd8       0x1c common/built-in.o
                0x0000000017812bd8                usb_maxpacket
 .text.usb_clear_halt
                0x0000000017812bf4       0x90 common/built-in.o
                0x0000000017812bf4                usb_clear_halt
 .text.usb_get_configuration_no
                0x0000000017812c84       0xbc common/built-in.o
                0x0000000017812c84                usb_get_configuration_no
 .text.usb_set_interface
                0x0000000017812d40       0xb4 common/built-in.o
                0x0000000017812d40                usb_set_interface
 .text.usb_string
                0x0000000017812df4      0x100 common/built-in.o
                0x0000000017812df4                usb_string
 .text.usb_get_dev_index
                0x0000000017812ef4       0x24 common/built-in.o
                0x0000000017812ef4                usb_get_dev_index
 .text.usb_alloc_new_device
                0x0000000017812f18       0x9c common/built-in.o
                0x0000000017812f18                usb_alloc_new_device
 .text.usb_free_device
                0x0000000017812fb4       0x48 common/built-in.o
                0x0000000017812fb4                usb_free_device
 .text.usb_alloc_device
                0x0000000017812ffc        0x8 common/built-in.o
                0x0000000017812ffc                usb_alloc_device
 .text.usb_select_config
                0x0000000017813004      0x418 common/built-in.o
                0x0000000017813004                usb_select_config
 .text.usb_setup_device
                0x000000001781341c      0x19c common/built-in.o
                0x000000001781341c                usb_setup_device
 .text.usb_new_device
                0x00000000178135b8       0x34 common/built-in.o
                0x00000000178135b8                usb_new_device
 .text.usb_init
                0x00000000178135ec      0x148 common/built-in.o
                0x00000000178135ec                usb_init
 .text.board_usb_init
                0x0000000017813734        0x8 common/built-in.o
                0x0000000017813734                board_usb_init
 .text.board_usb_cleanup
                0x000000001781373c        0x8 common/built-in.o
                0x000000001781373c                board_usb_cleanup
 .text.usb_device_has_child_on_port
                0x0000000017813744       0x14 common/built-in.o
                0x0000000017813744                usb_device_has_child_on_port
 .text.usb_set_port_feature
                0x0000000017813758       0x4c common/built-in.o
 .text.usb_clear_port_feature
                0x00000000178137a4       0x4c common/built-in.o
 .text.usb_get_hub_descriptor
                0x00000000178137f0       0x4c common/built-in.o
 .text.usb_hub_power_on
                0x000000001781383c       0x6c common/built-in.o
 .text.usb_hub_reset_devices
                0x00000000178138a8        0x4 common/built-in.o
                0x00000000178138a8                usb_hub_reset_devices
 .text.usb_get_port_status
                0x00000000178138ac       0x4c common/built-in.o
                0x00000000178138ac                usb_get_port_status
 .text.usb_hub_reset
                0x00000000178138f8       0x14 common/built-in.o
                0x00000000178138f8                usb_hub_reset
 .text.legacy_hub_port_reset
                0x000000001781390c       0xa0 common/built-in.o
                0x000000001781390c                legacy_hub_port_reset
 .text.usb_hub_port_connect_change
                0x00000000178139ac      0x16c common/built-in.o
                0x00000000178139ac                usb_hub_port_connect_change
 .text.usb_hub_configure
                0x0000000017813b18      0x2c8 common/built-in.o
 .text.usb_hub_probe
                0x0000000017813de0       0x58 common/built-in.o
                0x0000000017813de0                usb_hub_probe
 .text.usb_stor_irq
                0x0000000017813e38       0x1c common/built-in.o
 .text.usb_stor_BBB_reset
                0x0000000017813e54       0xd0 common/built-in.o
 .text.usb_stor_CB_reset
                0x0000000017813f24       0xd0 common/built-in.o
 .text.usb_stor_BBB_clear_endpt_stall.isra.2
                0x0000000017813ff4       0x40 common/built-in.o
 .text.usb_stor_BBB_transport
                0x0000000017814034      0x25c common/built-in.o
 .text.usb_stor_CB_comdat
                0x0000000017814290      0x204 common/built-in.o
 .text.usb_stor_CBI_get_status.isra.4
                0x0000000017814494       0xc8 common/built-in.o
 .text.usb_stor_CB_transport
                0x000000001781455c      0x228 common/built-in.o
 .text.usb_request_sense.constprop.10
                0x0000000017814784       0x70 common/built-in.o
 .text.usb_stor_write
                0x00000000178147f4      0x188 common/built-in.o
                0x00000000178147f4                usb_stor_write
 .text.usb_stor_read
                0x000000001781497c      0x188 common/built-in.o
                0x000000001781497c                usb_stor_read
 .text.usb_stor_get_dev
                0x0000000017814b04       0x28 common/built-in.o
                0x0000000017814b04                usb_stor_get_dev
 .text.usb_stor_info
                0x0000000017814b2c       0x74 common/built-in.o
                0x0000000017814b2c                usb_stor_info
 .text.usb_storage_probe
                0x0000000017814ba0      0x204 common/built-in.o
                0x0000000017814ba0                usb_storage_probe
 .text.usb_stor_get_info
                0x0000000017814da4      0x31c common/built-in.o
                0x0000000017814da4                usb_stor_get_info
 .text.usb_stor_scan
                0x00000000178150c0      0x1f8 common/built-in.o
                0x00000000178150c0                usb_stor_scan
 .text.do_fastboot
                0x00000000178152b8       0xd8 common/built-in.o
 .text.ums_read_sector
                0x0000000017815390       0x24 common/built-in.o
 .text.ums_write_sector
                0x00000000178153b4       0x24 common/built-in.o
 .text.ums_init
                0x00000000178153d8       0x60 common/built-in.o
                0x00000000178153d8                ums_init
 .text.do_usb_mass_storage
                0x0000000017815438      0x1a8 common/built-in.o
                0x0000000017815438                do_usb_mass_storage
 .text.do_imgextract
                0x00000000178155e0      0x28c common/built-in.o
 .text.splash_screen_prepare
                0x000000001781586c        0x8 common/built-in.o
                0x000000001781586c                splash_screen_prepare
 .text.splash_get_pos
                0x0000000017815874       0x88 common/built-in.o
                0x0000000017815874                splash_get_pos
 .text.do_dfu   0x00000000178158fc      0x118 common/built-in.o
 .text.do_env_delete
                0x0000000017815a14       0x9c common/built-in.o
 .text.do_env_exists
                0x0000000017815ab0       0x64 common/built-in.o
 .text.do_env_save
                0x0000000017815b14       0x2c common/built-in.o
 .text.do_env   0x0000000017815b40       0x68 common/built-in.o
 .text.env_print
                0x0000000017815ba8       0xc0 common/built-in.o
 .text.do_env_print
                0x0000000017815c68       0xc4 common/built-in.o
 .text.do_env_import
                0x0000000017815d2c      0x284 common/built-in.o
 .text.do_env_default
                0x0000000017815fb0       0xa8 common/built-in.o
 .text._do_env_set.isra.0
                0x0000000017816058      0x1bc common/built-in.o
 .text.do_env_set
                0x0000000017816214       0x20 common/built-in.o
 .text.get_env_id
                0x0000000017816234       0x10 common/built-in.o
                0x0000000017816234                get_env_id
 .text.setenv   0x0000000017816244       0x60 common/built-in.o
                0x0000000017816244                setenv
 .text.setenv_ulong
                0x00000000178162a4       0x20 common/built-in.o
                0x00000000178162a4                setenv_ulong
 .text.setenv_hex
                0x00000000178162c4       0x34 common/built-in.o
                0x00000000178162c4                setenv_hex
 .text.do_env_export
                0x00000000178162f8      0x258 common/built-in.o
 .text.envmatch
                0x0000000017816550       0x6c common/built-in.o
                0x0000000017816550                envmatch
 .text.getenv_f
                0x00000000178165bc       0xc0 common/built-in.o
                0x00000000178165bc                getenv_f
 .text.getenv   0x000000001781667c       0x78 common/built-in.o
                0x000000001781667c                getenv
 .text.getenv_hex
                0x00000000178166f4       0x3c common/built-in.o
                0x00000000178166f4                getenv_hex
 .text.getenv_ulong
                0x0000000017816730       0x30 common/built-in.o
                0x0000000017816730                getenv_ulong
 .text.do_env_edit.part.2
                0x0000000017816760       0xa0 common/built-in.o
 .text.do_env_edit
                0x0000000017816800       0x2c common/built-in.o
 .text.env_get_char_spec
                0x000000001781682c        0xc common/built-in.o
                0x000000001781682c                env_get_char_spec
 .text.env_get_addr
                0x0000000017816838       0x20 common/built-in.o
                0x0000000017816838                env_get_addr
 .text.env_get_char_memory
                0x0000000017816858       0x10 common/built-in.o
                0x0000000017816858                env_get_char_memory
 .text.env_get_char
                0x0000000017816868       0x30 common/built-in.o
                0x0000000017816868                env_get_char
 .text.getenv_yesno
                0x0000000017816898       0x40 common/built-in.o
                0x0000000017816898                getenv_yesno
 .text.getenv_default
                0x00000000178168d8       0x30 common/built-in.o
                0x00000000178168d8                getenv_default
 .text.set_default_env
                0x0000000017816908       0xc0 common/built-in.o
                0x0000000017816908                set_default_env
 .text.set_default_vars
                0x00000000178169c8       0x38 common/built-in.o
                0x00000000178169c8                set_default_vars
 .text.env_import
                0x0000000017816a00       0xdc common/built-in.o
                0x0000000017816a00                env_import
 .text.env_export
                0x0000000017816adc       0xa0 common/built-in.o
                0x0000000017816adc                env_export
 .text.env_relocate
                0x0000000017816b7c       0x2c common/built-in.o
                0x0000000017816b7c                env_relocate
 .text.env_complete
                0x0000000017816ba8       0xf0 common/built-in.o
                0x0000000017816ba8                env_complete
 .text.console_setfile
                0x0000000017816c98       0xc0 common/built-in.o
 .text.serial_printf
                0x0000000017816d58       0x40 common/built-in.o
                0x0000000017816d58                serial_printf
 .text.putc     0x0000000017816d98       0x34 common/built-in.o
                0x0000000017816d98                putc
 .text.puts     0x0000000017816dcc       0x34 common/built-in.o
                0x0000000017816dcc                puts
 .text.printf   0x0000000017816e00       0x40 common/built-in.o
                0x0000000017816e00                printf
 .text.fgetc    0x0000000017816e40       0x24 common/built-in.o
                0x0000000017816e40                fgetc
 .text.getc     0x0000000017816e64       0x24 common/built-in.o
                0x0000000017816e64                getc
 .text.ftstc    0x0000000017816e88       0x24 common/built-in.o
                0x0000000017816e88                ftstc
 .text.tstc     0x0000000017816eac       0x24 common/built-in.o
                0x0000000017816eac                tstc
 .text.vprintf  0x0000000017816ed0       0x30 common/built-in.o
                0x0000000017816ed0                vprintf
 .text.ctrlc    0x0000000017816f00       0x58 common/built-in.o
                0x0000000017816f00                ctrlc
 .text.confirm_yesno
                0x0000000017816f58       0xd4 common/built-in.o
                0x0000000017816f58                confirm_yesno
 .text.had_ctrlc
                0x000000001781702c       0x10 common/built-in.o
                0x000000001781702c                had_ctrlc
 .text.clear_ctrlc
                0x000000001781703c       0x14 common/built-in.o
                0x000000001781703c                clear_ctrlc
 .text.search_device
                0x0000000017817050       0x28 common/built-in.o
                0x0000000017817050                search_device
 .text.console_assign
                0x0000000017817078       0x48 common/built-in.o
                0x0000000017817078                console_assign
 .text.on_console
                0x00000000178170c0       0xb8 common/built-in.o
 .text.console_init_f
                0x0000000017817178       0x10 common/built-in.o
                0x0000000017817178                console_init_f
 .text.stdio_print_current_devices
                0x0000000017817188       0xb0 common/built-in.o
                0x0000000017817188                stdio_print_current_devices
 .text.console_init_r
                0x0000000017817238      0x194 common/built-in.o
                0x0000000017817238                console_init_r
 .text.sbrk     0x00000000178173cc       0x6c common/built-in.o
                0x00000000178173cc                sbrk
 .text.mem_malloc_init
                0x0000000017817438       0x34 common/built-in.o
                0x0000000017817438                mem_malloc_init
 .text.malloc_trim
                0x000000001781746c       0xcc common/built-in.o
                0x000000001781746c                malloc_trim
 .text.free     0x0000000017817538      0x24c common/built-in.o
                0x0000000017817538                free
 .text.malloc   0x0000000017817784      0x638 common/built-in.o
                0x0000000017817784                malloc
 .text.calloc   0x0000000017817dbc      0x144 common/built-in.o
                0x0000000017817dbc                calloc
 .text.realloc  0x0000000017817f00      0x4e0 common/built-in.o
                0x0000000017817f00                realloc
 .text.memalign
                0x00000000178183e0      0x10c common/built-in.o
                0x00000000178183e0                memalign
 .text.initf_malloc
                0x00000000178184ec       0x18 common/built-in.o
                0x00000000178184ec                initf_malloc
 .text.malloc_simple
                0x0000000017818504       0x30 common/built-in.o
                0x0000000017818504                malloc_simple
 .text.on_loadaddr
                0x0000000017818534       0x38 common/built-in.o
 .text.image_check_hcrc
                0x000000001781856c       0x4c common/built-in.o
                0x000000001781856c                image_check_hcrc
 .text.image_check_dcrc
                0x00000000178185b8       0x38 common/built-in.o
                0x00000000178185b8                image_check_dcrc
 .text.image_multi_count
                0x00000000178185f0       0x1c common/built-in.o
                0x00000000178185f0                image_multi_count
 .text.image_multi_getimg
                0x000000001781860c       0x80 common/built-in.o
                0x000000001781860c                image_multi_getimg
 .text.getenv_bootm_low
                0x000000001781868c       0x30 common/built-in.o
                0x000000001781868c                getenv_bootm_low
 .text.getenv_bootm_size
                0x00000000178186bc       0x5c common/built-in.o
                0x00000000178186bc                getenv_bootm_size
 .text.getenv_bootm_mapsize
                0x0000000017818718       0x30 common/built-in.o
                0x0000000017818718                getenv_bootm_mapsize
 .text.memmove_wd
                0x0000000017818748        0xc common/built-in.o
                0x0000000017818748                memmove_wd
 .text.genimg_print_size
                0x0000000017818754       0x30 common/built-in.o
                0x0000000017818754                genimg_print_size
 .text.get_table_entry
                0x0000000017818784       0x24 common/built-in.o
                0x0000000017818784                get_table_entry
 .text.get_table_entry_name
                0x00000000178187a8       0x20 common/built-in.o
                0x00000000178187a8                get_table_entry_name
 .text.genimg_get_os_name
                0x00000000178187c8       0x18 common/built-in.o
                0x00000000178187c8                genimg_get_os_name
 .text.genimg_get_arch_name
                0x00000000178187e0       0x18 common/built-in.o
                0x00000000178187e0                genimg_get_arch_name
 .text.genimg_get_type_name
                0x00000000178187f8       0x18 common/built-in.o
                0x00000000178187f8                genimg_get_type_name
 .text.genimg_get_comp_name
                0x0000000017818810       0x18 common/built-in.o
                0x0000000017818810                genimg_get_comp_name
 .text.image_print_contents
                0x0000000017818828      0x178 common/built-in.o
                0x0000000017818828                image_print_contents
 .text.genimg_get_kernel_addr_fit
                0x00000000178189a0       0x24 common/built-in.o
                0x00000000178189a0                genimg_get_kernel_addr_fit
 .text.genimg_get_format
                0x00000000178189c4       0x50 common/built-in.o
                0x00000000178189c4                genimg_get_format
 .text.genimg_get_image
                0x0000000017818a14        0x4 common/built-in.o
                0x0000000017818a14                genimg_get_image
 .text.genimg_has_config
                0x0000000017818a18        0x8 common/built-in.o
                0x0000000017818a18                genimg_has_config
 .text.boot_get_ramdisk
                0x0000000017818a20      0x2a8 common/built-in.o
                0x0000000017818a20                boot_get_ramdisk
 .text.boot_ramdisk_high
                0x0000000017818cc8      0x13c common/built-in.o
                0x0000000017818cc8                boot_ramdisk_high
 .text.boot_get_setup
                0x0000000017818e04        0x8 common/built-in.o
                0x0000000017818e04                boot_get_setup
 .text.image_setup_linux
                0x0000000017818e0c       0x8c common/built-in.o
                0x0000000017818e0c                image_setup_linux
 .text.android_image_get_kernel
                0x0000000017818e98      0x164 common/built-in.o
                0x0000000017818e98                android_image_get_kernel
 .text.android_image_check_header
                0x0000000017818ffc       0x14 common/built-in.o
                0x0000000017818ffc                android_image_check_header
 .text.android_image_get_end
                0x0000000017819010       0x4c common/built-in.o
                0x0000000017819010                android_image_get_end
 .text.android_image_get_kload
                0x000000001781905c       0x20 common/built-in.o
                0x000000001781905c                android_image_get_kload
 .text.android_image_get_ramdisk
                0x000000001781907c       0x7c common/built-in.o
                0x000000001781907c                android_image_get_ramdisk
 .text.fdt_error
                0x00000000178190f8       0x2c common/built-in.o
 .text.boot_fdt_add_mem_rsv_regions
                0x0000000017819124       0x88 common/built-in.o
                0x0000000017819124                boot_fdt_add_mem_rsv_regions
 .text.boot_relocate_fdt
                0x00000000178191ac      0x198 common/built-in.o
                0x00000000178191ac                boot_relocate_fdt
 .text.boot_get_fdt
                0x0000000017819344      0x2ac common/built-in.o
                0x0000000017819344                boot_get_fdt
 .text.ft_verify_fdt
                0x00000000178195f0        0x8 common/built-in.o
                0x00000000178195f0                ft_verify_fdt
 .text.image_setup_libfdt
                0x00000000178195f8      0x100 common/built-in.o
                0x00000000178195f8                image_setup_libfdt
 .text.get_effective_memsize
                0x00000000178196f8        0x8 common/built-in.o
                0x00000000178196f8                get_effective_memsize
 .text.nulldev_putc
                0x0000000017819700        0x4 common/built-in.o
 .text.nulldev_puts
                0x0000000017819704        0x4 common/built-in.o
 .text.nulldev_input
                0x0000000017819708        0x8 common/built-in.o
 .text.stdio_serial_tstc
                0x0000000017819710        0x4 common/built-in.o
 .text.stdio_serial_getc
                0x0000000017819714        0x4 common/built-in.o
 .text.stdio_serial_puts
                0x0000000017819718        0x8 common/built-in.o
 .text.stdio_serial_putc
                0x0000000017819720        0x8 common/built-in.o
 .text.stdio_get_list
                0x0000000017819728        0xc common/built-in.o
                0x0000000017819728                stdio_get_list
 .text.stdio_get_by_name
                0x0000000017819734       0x5c common/built-in.o
                0x0000000017819734                stdio_get_by_name
 .text.stdio_clone
                0x0000000017819790       0x38 common/built-in.o
                0x0000000017819790                stdio_clone
 .text.stdio_register_dev
                0x00000000178197c8       0x50 common/built-in.o
                0x00000000178197c8                stdio_register_dev
 .text.stdio_register
                0x0000000017819818        0x8 common/built-in.o
                0x0000000017819818                stdio_register
 .text.stdio_init_tables
                0x0000000017819820       0x1c common/built-in.o
                0x0000000017819820                stdio_init_tables
 .text.stdio_add_devices
                0x000000001781983c       0xd4 common/built-in.o
                0x000000001781983c                stdio_add_devices
 .text.run_command
                0x0000000017819910       0x10 common/built-in.o
                0x0000000017819910                run_command
 .text.run_command_list
                0x0000000017819920       0x5c common/built-in.o
                0x0000000017819920                run_command_list
 .text.do_run   0x000000001781997c       0x78 common/built-in.o
                0x000000001781997c                do_run
 .text.cli_loop
                0x00000000178199f4        0xc common/built-in.o
                0x00000000178199f4                cli_loop
 .text.cli_init
                0x0000000017819a00        0x4 common/built-in.o
                0x0000000017819a00                cli_init
 .text.delete_char.part.0
                0x0000000017819a04       0xd0 common/built-in.o
 .text.cread_add_char
                0x0000000017819ad4       0xe8 common/built-in.o
 .text.cli_readline_into_buffer
                0x0000000017819bbc      0x9c0 common/built-in.o
                0x0000000017819bbc                cli_readline_into_buffer
 .text.cli_readline
                0x000000001781a57c       0x14 common/built-in.o
                0x000000001781a57c                cli_readline
 .text.find_cmd_tbl
                0x000000001781a590       0xa4 common/built-in.o
                0x000000001781a590                find_cmd_tbl
 .text.find_cmd
                0x000000001781a634       0x28 common/built-in.o
                0x000000001781a634                find_cmd
 .text.cmd_usage
                0x000000001781a65c       0x5c common/built-in.o
                0x000000001781a65c                cmd_usage
 .text._do_help
                0x000000001781a6b8      0x178 common/built-in.o
                0x000000001781a6b8                _do_help
 .text.var_complete
                0x000000001781a830       0x84 common/built-in.o
                0x000000001781a830                var_complete
 .text.cmd_auto_complete
                0x000000001781a8b4      0x4b4 common/built-in.o
                0x000000001781a8b4                cmd_auto_complete
 .text.cmd_get_data_size
                0x000000001781ad68       0x5c common/built-in.o
                0x000000001781ad68                cmd_get_data_size
 .text.cmd_process
                0x000000001781adc4       0xec common/built-in.o
                0x000000001781adc4                cmd_process
 .text.cmd_process_error
                0x000000001781aeb0       0x30 common/built-in.o
                0x000000001781aeb0                cmd_process_error
 .text.hex1_bin
                0x000000001781aee0       0x40 common/built-in.o
 .text.hex2_bin
                0x000000001781af20       0x38 common/built-in.o
 .text.srec_decode
                0x000000001781af58      0x254 common/built-in.o
                0x000000001781af58                srec_decode
 .text.CYGACC_COMM_IF_GETC_TIMEOUT.isra.0
                0x000000001781b1ac       0x5c common/built-in.o
 .text.xyzModem_flush
                0x000000001781b208       0x1c common/built-in.o
 .text.xyzModem_get_hdr
                0x000000001781b224      0x230 common/built-in.o
 .text.xyzModem_stream_open
                0x000000001781b454      0x224 common/built-in.o
                0x000000001781b454                xyzModem_stream_open
 .text.xyzModem_stream_read
                0x000000001781b678      0x254 common/built-in.o
                0x000000001781b678                xyzModem_stream_read
 .text.xyzModem_stream_close
                0x000000001781b8cc       0x54 common/built-in.o
                0x000000001781b8cc                xyzModem_stream_close
 .text.xyzModem_stream_terminate
                0x000000001781b920       0x94 common/built-in.o
                0x000000001781b920                xyzModem_stream_terminate
 .text.xyzModem_error
                0x000000001781b9b4       0x20 common/built-in.o
                0x000000001781b9b4                xyzModem_error
 .text.common_diskboot
                0x000000001781b9d4      0x23c common/built-in.o
                0x000000001781b9d4                common_diskboot
 .text.get_dev_hwpart
                0x000000001781bc10       0xa8 disk/built-in.o
 .text.dev_print
                0x000000001781bcb8      0x20c disk/built-in.o
                0x000000001781bcb8                dev_print
 .text.init_part
                0x000000001781bec4       0x20 disk/built-in.o
                0x000000001781bec4                init_part
 .text.print_part
                0x000000001781bee4       0xf4 disk/built-in.o
                0x000000001781bee4                print_part
 .text.get_partition_info
                0x000000001781bfd8       0x2c disk/built-in.o
                0x000000001781bfd8                get_partition_info
 .text.get_device
                0x000000001781c004      0x114 disk/built-in.o
                0x000000001781c004                get_device
 .text.get_device_and_partition
                0x000000001781c118      0x440 disk/built-in.o
                0x000000001781c118                get_device_and_partition
 .text.test_block_type
                0x000000001781c558       0x84 disk/built-in.o
 .text.print_partition_extended
                0x000000001781c5dc      0x278 disk/built-in.o
 .text.get_partition_info_extended.constprop.1
                0x000000001781c854      0x300 disk/built-in.o
 .text.test_part_dos
                0x000000001781cb54       0x64 disk/built-in.o
                0x000000001781cb54                test_part_dos
 .text.print_part_dos
                0x000000001781cbb8       0x34 disk/built-in.o
                0x000000001781cbb8                print_part_dos
 .text.get_partition_info_dos
                0x000000001781cbec       0x20 disk/built-in.o
                0x000000001781cbec                get_partition_info_dos
 .text.alloc_priv
                0x000000001781cc0c       0x48 drivers/built-in.o
 .text.device_bind
                0x000000001781cc54      0x2d8 drivers/built-in.o
                0x000000001781cc54                device_bind
 .text.device_bind_by_name
                0x000000001781cf2c       0x60 drivers/built-in.o
                0x000000001781cf2c                device_bind_by_name
 .text.device_probe
                0x000000001781cf8c        0x8 drivers/built-in.o
                0x000000001781cf8c                device_probe
 .text.device_probe_child
                0x000000001781cf94      0x250 drivers/built-in.o
                0x000000001781cf94                device_probe_child
 .text.dev_get_platdata
                0x000000001781d1e4       0x34 drivers/built-in.o
                0x000000001781d1e4                dev_get_platdata
 .text.dev_get_priv
                0x000000001781d218       0x34 drivers/built-in.o
                0x000000001781d218                dev_get_priv
 .text.lists_driver_lookup_name
                0x000000001781d24c       0x4c drivers/built-in.o
                0x000000001781d24c                lists_driver_lookup_name
 .text.lists_uclass_lookup
                0x000000001781d298       0x3c drivers/built-in.o
                0x000000001781d298                lists_uclass_lookup
 .text.lists_bind_drivers
                0x000000001781d2d4       0x88 drivers/built-in.o
                0x000000001781d2d4                lists_bind_drivers
 .text.dm_root  0x000000001781d35c       0x2c drivers/built-in.o
                0x000000001781d35c                dm_root
 .text.dm_init  0x000000001781d388       0x58 drivers/built-in.o
                0x000000001781d388                dm_init
 .text.dm_scan_platdata
                0x000000001781d3e0       0x2c drivers/built-in.o
                0x000000001781d3e0                dm_scan_platdata
 .text.dm_scan_other
                0x000000001781d40c        0x8 drivers/built-in.o
                0x000000001781d40c                dm_scan_other
 .text.dm_init_and_scan
                0x000000001781d414       0x30 drivers/built-in.o
                0x000000001781d414                dm_init_and_scan
 .text.uclass_find
                0x000000001781d444       0x4c drivers/built-in.o
                0x000000001781d444                uclass_find
 .text.uclass_get
                0x000000001781d490      0x124 drivers/built-in.o
                0x000000001781d490                uclass_get
 .text.uclass_find_device
                0x000000001781d5b4       0x74 drivers/built-in.o
                0x000000001781d5b4                uclass_find_device
 .text.uclass_find_device_by_seq
                0x000000001781d628       0x7c drivers/built-in.o
                0x000000001781d628                uclass_find_device_by_seq
 .text.uclass_get_device_tail
                0x000000001781d6a4       0x2c drivers/built-in.o
                0x000000001781d6a4                uclass_get_device_tail
 .text.uclass_get_device
                0x000000001781d6d0       0x30 drivers/built-in.o
                0x000000001781d6d0                uclass_get_device
 .text.uclass_bind_device
                0x000000001781d700       0xa4 drivers/built-in.o
                0x000000001781d700                uclass_bind_device
 .text.uclass_unbind_device
                0x000000001781d7a4       0x4c drivers/built-in.o
                0x000000001781d7a4                uclass_unbind_device
 .text.uclass_resolve_seq
                0x000000001781d7f0       0xb0 drivers/built-in.o
                0x000000001781d7f0                uclass_resolve_seq
 .text.uclass_pre_probe_device
                0x000000001781d8a0       0x64 drivers/built-in.o
                0x000000001781d8a0                uclass_pre_probe_device
 .text.uclass_post_probe_device
                0x000000001781d904       0x20 drivers/built-in.o
                0x000000001781d904                uclass_post_probe_device
 .text.uclass_pre_remove_device
                0x000000001781d924       0x5c drivers/built-in.o
                0x000000001781d924                uclass_pre_remove_device
 .text.dm_warn  0x000000001781d980       0x28 drivers/built-in.o
                0x000000001781d980                dm_warn
 .text.device_free
                0x000000001781d9a8       0x90 drivers/built-in.o
                0x000000001781d9a8                device_free
 .text.device_remove
                0x000000001781da38      0x114 drivers/built-in.o
                0x000000001781da38                device_remove
 .text.device_remove_children
                0x000000001781db4c       0x48 drivers/built-in.o
                0x000000001781db4c                device_remove_children
 .text.show_devices
                0x000000001781db94       0xfc drivers/built-in.o
 .text.dm_dump_all
                0x000000001781dc90       0x3c drivers/built-in.o
                0x000000001781dc90                dm_dump_all
 .text.dm_dump_uclass
                0x000000001781dccc       0xdc drivers/built-in.o
                0x000000001781dccc                dm_dump_uclass
 .text.finish_access
                0x000000001781dda8       0x2c drivers/built-in.o
 .text.set_timing
                0x000000001781ddd4       0xb4 drivers/built-in.o
 .text.prepare_access
                0x000000001781de88       0x88 drivers/built-in.o
 .text.fuse_bank_physical
                0x000000001781df10       0x64 drivers/built-in.o
                0x000000001781df10                fuse_bank_physical
 .text.fuse_read
                0x000000001781df74       0x74 drivers/built-in.o
                0x000000001781df74                fuse_read
 .text.fuse_sense
                0x000000001781dfe8       0xac drivers/built-in.o
                0x000000001781dfe8                fuse_sense
 .text.fuse_prog
                0x000000001781e094       0xa8 drivers/built-in.o
                0x000000001781e094                fuse_prog
 .text.fuse_override
                0x000000001781e13c       0x6c drivers/built-in.o
                0x000000001781e13c                fuse_override
 .text.dfu_write_buffer_drain
                0x000000001781e1a8       0xa8 drivers/built-in.o
 .text.dfu_free_buf
                0x000000001781e250       0x20 drivers/built-in.o
                0x000000001781e250                dfu_free_buf
 .text.dfu_get_buf_size
                0x000000001781e270       0x10 drivers/built-in.o
                0x000000001781e270                dfu_get_buf_size
 .text.dfu_get_buf
                0x000000001781e280       0xb8 drivers/built-in.o
                0x000000001781e280                dfu_get_buf
 .text.dfu_write_transaction_cleanup
                0x000000001781e338       0x44 drivers/built-in.o
                0x000000001781e338                dfu_write_transaction_cleanup
 .text.dfu_flush
                0x000000001781e37c       0x64 drivers/built-in.o
                0x000000001781e37c                dfu_flush
 .text.dfu_write
                0x000000001781e3e0      0x184 drivers/built-in.o
                0x000000001781e3e0                dfu_write
 .text.dfu_read
                0x000000001781e564      0x26c drivers/built-in.o
                0x000000001781e564                dfu_read
 .text.dfu_free_entities
                0x000000001781e7d0       0x9c drivers/built-in.o
                0x000000001781e7d0                dfu_free_entities
 .text.dfu_config_entities
                0x000000001781e86c      0x270 drivers/built-in.o
                0x000000001781e86c                dfu_config_entities
 .text.dfu_init_env_entities
                0x000000001781eadc       0x90 drivers/built-in.o
                0x000000001781eadc                dfu_init_env_entities
 .text.dfu_get_dev_type
                0x000000001781eb6c       0x3c drivers/built-in.o
                0x000000001781eb6c                dfu_get_dev_type
 .text.dfu_get_layout
                0x000000001781eba8       0x3c drivers/built-in.o
                0x000000001781eba8                dfu_get_layout
 .text.dfu_show_entities
                0x000000001781ebe4       0x74 drivers/built-in.o
                0x000000001781ebe4                dfu_show_entities
 .text.dfu_get_alt_number
                0x000000001781ec58       0x10 drivers/built-in.o
                0x000000001781ec58                dfu_get_alt_number
 .text.dfu_get_entity
                0x000000001781ec68       0x40 drivers/built-in.o
                0x000000001781ec68                dfu_get_entity
 .text.mmc_file_op
                0x000000001781eca8      0x19c drivers/built-in.o
 .text.dfu_free_entity_mmc
                0x000000001781ee44       0x28 drivers/built-in.o
                0x000000001781ee44                dfu_free_entity_mmc
 .text.mmc_access_part.isra.0
                0x000000001781ee6c       0x68 drivers/built-in.o
 .text.mmc_block_op
                0x000000001781eed4      0x1ec drivers/built-in.o
 .text.dfu_write_medium_mmc
                0x000000001781f0c0       0xb8 drivers/built-in.o
                0x000000001781f0c0                dfu_write_medium_mmc
 .text.dfu_flush_medium_mmc
                0x000000001781f178       0x48 drivers/built-in.o
                0x000000001781f178                dfu_flush_medium_mmc
 .text.dfu_get_medium_size_mmc
                0x000000001781f1c0       0x90 drivers/built-in.o
                0x000000001781f1c0                dfu_get_medium_size_mmc
 .text.dfu_read_medium_mmc
                0x000000001781f250       0xe4 drivers/built-in.o
                0x000000001781f250                dfu_read_medium_mmc
 .text.dfu_fill_entity_mmc
                0x000000001781f334      0x320 drivers/built-in.o
                0x000000001781f334                dfu_fill_entity_mmc
 .text.dfu_get_medium_size_sf
                0x000000001781f654        0x8 drivers/built-in.o
 .text.dfu_read_medium_sf
                0x000000001781f65c       0x28 drivers/built-in.o
 .text.dfu_flush_medium_sf
                0x000000001781f684        0x8 drivers/built-in.o
 .text.dfu_polltimeout_sf
                0x000000001781f68c        0x8 drivers/built-in.o
 .text.dfu_free_entity_sf
                0x000000001781f694        0x8 drivers/built-in.o
 .text.dfu_write_medium_sf
                0x000000001781f69c       0x98 drivers/built-in.o
 .text.dfu_fill_entity_sf
                0x000000001781f734      0x2d8 drivers/built-in.o
                0x000000001781f734                dfu_fill_entity_sf
 .text.video_drawchars
                0x000000001781fa0c      0x44c drivers/built-in.o
 .text.draw_bitmap
                0x000000001781fe58       0xdc drivers/built-in.o
 .text.console_newline.constprop.2
                0x000000001781ff34       0xe0 drivers/built-in.o
 .text.video_putc
                0x0000000017820014      0x194 drivers/built-in.o
 .text.video_puts
                0x00000000178201a8       0x7c drivers/built-in.o
 .text.board_cfb_skip
                0x0000000017820224        0x8 drivers/built-in.o
                0x0000000017820224                board_cfb_skip
 .text.video_set_lut
                0x000000001782022c        0x4 drivers/built-in.o
                0x000000001782022c                video_set_lut
 .text.display_rle8_bitmap
                0x0000000017820230      0x374 drivers/built-in.o
 .text.plot_logo_or_black
                0x00000000178205a4      0x284 drivers/built-in.o
 .text.do_clrlogo
                0x0000000017820828       0x44 drivers/built-in.o
 .text.video_display_bitmap
                0x000000001782086c      0x934 drivers/built-in.o
                0x000000001782086c                video_display_bitmap
 .text.video_clear
                0x00000000178211a0       0x54 drivers/built-in.o
                0x00000000178211a0                video_clear
 .text.drv_video_init
                0x00000000178211f4      0x3f0 drivers/built-in.o
                0x00000000178211f4                drv_video_init
 .text.mxcfb_map_video_memory
                0x00000000178215e4       0x88 drivers/built-in.o
 .text.ipuv3_fb_shutdown
                0x000000001782166c       0x60 drivers/built-in.o
                0x000000001782166c                ipuv3_fb_shutdown
 .text.video_hw_init
                0x00000000178216cc      0x5d4 drivers/built-in.o
                0x00000000178216cc                video_hw_init
 .text.ipuv3_fb_init
                0x0000000017821ca0       0x2c drivers/built-in.o
                0x0000000017821ca0                ipuv3_fb_init
 .text.clk_ipu_enable
                0x0000000017821ccc       0x20 drivers/built-in.o
 .text.clk_ipu_disable